[
   {
      "a": 1,
      "b": 2,
      "<": true,
      ">": false,
      "<=": true,
      ">=": false
   },
   {
      "a": 2,
      "b": 1,
      "<": false,
      ">": true,
      "<=": false,
      ">=": true
   },
   {
      "a": [
         1
      ],
      "b": [
         2
      ],
      "<": true,
      ">": false,
      "<=": true,
      ">=": false
   },
   {
      "a": [
         2
      ],
      "b": [
         1
      ],
      "<": false,
      ">": true,
      "<=": false,
      ">=": true
   },
   {
      "a": [ ],
      "b": [ ],
      "<": false,
      ">": false,
      "<=": true,
      ">=": true
   },
   {
      "a": [ ],
      "b": [
         1
      ],
      "<": true,
      ">": false,
      "<=": true,
      ">=": false
   },
   {
      "a": [
         1
      ],
      "b": [ ],
      "<": false,
      ">": true,
      "<=": false,
      ">=": true
   },
   {
      "a": [
         1,
         2
      ],
      "b": [
         1
      ],
      "<": false,
      ">": true,
      "<=": false,
      ">=": true
   },
   {
      "a": [
         1,
         2
      ],
      "b": [
         2
      ],
      "<": true,
      ">": false,
      "<=": true,
      ">=": false
   },
   {
      "a": [
         [
            1
         ]
      ],
      "b": [
         [
            2
         ]
      ],
      "<": true,
      ">": false,
      "<=": true,
      ">=": false
   },
   {
      "a": [
         [
            2
         ]
      ],
      "b": [
         [
            1
         ]
      ],
      "<": false,
      ">": true,
      "<=": false,
      ">=": true
   },
   {
      "a": [
         "foo"
      ],
      "b": [
         "bar"
      ],
      "<": false,
      ">": true,
      "<=": false,
      ">=": true
   },
   {
      "a": [
         0,
         "a"
      ],
      "b": [
         0,
         "b"
      ],
      "<": true,
      ">": false,
      "<=": true,
      ">=": false
   },
   {
      "a": "foo",
      "b": "bar",
      "<": false,
      ">": true,
      "<=": false,
      ">=": true
   }
]
