{
   "thisFile": "testdata/stdlib_smoke_test",
   "type": "object",
   "length": 0,
   "objectHas": false,
   "objectFields": [ ],
   "objectValues": [ ],
   "objectKeysValues": [ ],
   "objectHasAll": false,
   "objectFieldsAll": [ ],
   "objectValuesAll": [ ],
   "objectKeysValuesAll": [ ],
   "prune": {
      "y": [
         "42"
      ]
   },
   "mapWithKey": {
      "a": 42
   },
   "get": [
      17,
      42,
      18,
      42
   ],
   "isArray": true,
   "isBoolean": true,
   "isFunction": true,
   "isNumber": true,
   "isObject": true,
   "isString": true,
   "abs": 42,
   "sign": 1,
   "max": 3,
   "min": 2,
   "pow": 8,
   "exp": 148.4131591025766,
   "log": true,
   "exponent": 3,
   "mantissa": 0.625,
   "floor": 5,
   "ceil": 5,
   "sqrt": true,
   "sin": true,
   "cos": true,
   "tan": true,
   "asin": true,
   "acos": true,
   "atan": true,
   "assertEqual": true,
   "toString": "42",
   "codepoint": 65,
   "char": "A",
   "substr": "s",
   "findSubstr": [
      0,
      5
   ],
   "startsWith": true,
   "endsWith": true,
   "stripChars": "bbbb",
   "lstripChars": "bbbbcccc",
   "rstripChars": "aaabbbb",
   "split": [
      "a",
      "b",
      "c"
   ],
   "splitLimit": [
      "a",
      "b,c"
   ],
   "splitLimitR": [
      "a,b",
      "c"
   ],
   "strReplace": "bba",
   "asciiUpper": "BLAH",
   "asciiLower": "blah",
   "stringChars": [
      "b",
      "l",
      "a",
      "h"
   ],
   "format": "test blah 42",
   "escapeStringBash": "'test '\"'\"'test'\"'\"'test'",
   "escapeStringDollars": "test 'test'test",
   "escapeStringJson": "\"test 'test'test\"",
   "escapeStringPython": "\"test 'test'test\"",
   "parseInt": 42,
   "parseOctal": 83,
   "parseHex": 3735928559,
   "parseJson": {
      "a": "b"
   },
   "encodeUTF8": [
      98,
      108,
      97,
      104
   ],
   "decodeUTF8": "AAA",
   "manifestIni": "a = 1\nb = 2\n[s1]\nx = 1\ny = 2\n",
   "manifestPython": "{\"a\": {\"b\": \"c\"}}",
   "manifestPythonVars": "a = {\"b\": \"c\"}\n",
   "manifestTomlEx": "\n\n[a]\n b = \"c\"",
   "manifestJsonEx": "{\n \"a\": {\n  \"b\": \"c\"\n }\n}",
   "manifestJsonMinified": "{\"a\":{\"b\":\"c\"}}",
   "manifestYamlDoc": "\"a\":\n  \"b\": \"c\"",
   "manifestYamlStream": "---\n42\n---\n\"a\":\n  \"b\": \"c\"\n...\n",
   "manifestXmlJsonml": "<blah a=\"42\"></blah>",
   "makeArray": [
      0,
      1,
      2,
      3,
      4
   ],
   "count": 1,
   "find": [
      2,
      4
   ],
   "member": true,
   "map": [
      -1,
      -2,
      -3
   ],
   "mapWithIndex": [
      3,
      3,
      3
   ],
   "filterMap": [
      4,
      8
   ],
   "flatMap": [
      2,
      3,
      4,
      6,
      6,
      9
   ],
   "filter": [
      2,
      4
   ],
   "foldl": [
      0,
      1,
      2,
      3
   ],
   "foldr": [
      1,
      2,
      3,
      4
   ],
   "repeat": "foofoofoo",
   "slice": "o",
   "range": [
      1,
      2,
      3,
      4,
      5
   ],
   "join": "a,b,c",
   "lines": "a\nb\nc\n",
   "flattenArrays": [
      1,
      2,
      3,
      4,
      5,
      [
         6,
         7
      ]
   ],
   "reverse": [
      "a",
      "b"
   ],
   "sort": [
      [
         1,
         2,
         3
      ],
      [
         3,
         2,
         1
      ]
   ],
   "uniq": [
      [
         1,
         2,
         3
      ],
      [
         "a",
         "B",
         "a"
      ]
   ],
   "set": [
      [
         1,
         2,
         3
      ],
      [
         3,
         2,
         1
      ]
   ],
   "setInter": [
      [
         3
      ],
      [
         2
      ]
   ],
   "setUnion": [
      [
         1,
         2,
         3,
         4,
         5
      ],
      [
         1,
         2,
         3,
         4,
         5
      ]
   ],
   "setDiff": [
      [
         1,
         2
      ],
      [
         1,
         3
      ]
   ],
   "setMember": [
      false,
      true
   ],
   "base64": [
      "YmxhaA==",
      "YmxhaA=="
   ],
   "base64DecodeBytes": [
      98,
      108,
      97,
      104,
      10
   ],
   "base64Decode": "blah\n",
   "md5": "1bc29b36f623ba82aaf6724fd3b16718",
   "mergePatch": { }
}
